<html>
<body>
<pre>
<h1>µVision Build Log</h1>
<h2>Project:</h2>
C:\Users\Michael\Documents\UT 2016 Fall\EE 445L\Labs\Lab 3\ee445l_lab3\Lab 3\ADCSWTrigger.uvproj
Project File Date:  09/19/2016

<h2>Output:</h2>
Rebuild target 'ADCSWTrigger'
assembling startup.s...
compiling PLL.c...
compiling LineDrawer.c...
compiling ST7735.c...
compiling ClockMain.c...
compiling Switch.c...
compiling LCD.c...
compiling Sound.c...
compiling Timer.c...
compiling Timer1.c...
compiling Bitmap.c...
compiling HandCoordinates.c...
linking...
Program Size: Code=6776 RO-data=22052 RW-data=972 ZI-data=1172  
".\ADCSWTrigger.axf" - 0 Error(s), 0 Warning(s).
Load "C:\\Users\\Michael\\Documents\\UT 2016 Fall\\EE 445L\\Labs\\Lab 3\\ee445l_lab3\\Lab 3\\ADCSWTrigger.axf" 
Connecting: Mode=JTAG, Speed=1000000Hz
Erase Done.
Programming Done.
Verify OK.
Load "C:\\Users\\Michael\\Documents\\UT 2016 Fall\\EE 445L\\Labs\\Lab 3\\ee445l_lab3\\Lab 3\\ADCSWTrigger.axf" 
Connecting: Mode=JTAG, Speed=1000000Hz
Erase Done.
Programming Done.
Verify OK.
