<html>
<body>
<pre>
<h1>µVision Build Log</h1>
<h2>Project:</h2>
D:\Schoolwork\EE 445L\Labs\Lab 3\ADCSWTrigger.uvproj
Project File Date:  09/17/2016

<h2>Output:</h2>
Rebuild target 'ADCSWTrigger'
assembling startup.s...
compiling PLL.c...
compiling LineDrawer.c...
compiling ST7735.c...
compiling ClockMain.c...
compiling Switch.c...
compiling LCD.c...
compiling Sound.c...
compiling Timer.c...
compiling Timer1.c...
compiling Bitmap.c...
compiling HandCoordinates.c...
linking...
Program Size: Code=5328 RO-data=22052 RW-data=968 ZI-data=1176  
".\ADCSWTrigger.axf" - 0 Error(s), 0 Warning(s).
</pre>
</body>
</html>
ram Size: Code=4256 RO-data=22052 RW-data=944 ZI-data=1176  
".\ADCSWTrigger.axf" - 0 Error(s), 1 Warning(s).
